[ECMWF-INFO -sbatch] - -------------------------------------------------------------------------------------
[ECMWF-INFO -sbatch] -  This is the ECMWF jobfilter
[ECMWF-INFO -sbatch] -  +++ Please report issues using the Support portal +++
[ECMWF-INFO -sbatch] -  +++ https://support.ecmwf.int                     +++
[ECMWF-INFO -sbatch] -  /usr/local/bin/ecsbatch: size: 53801, mtime: Tue Nov 25 12:31:30 2025
[ECMWF-INFO -sbatch] - -------------------------------------------------------------------------------------
[ECMWF-INFO -sbatch] - Time at submit: Wed May  6 19:07:07 2026 (1778094427.2144375) on ac6-101.bullx:/etc/ecmwf/nfs/dh1_home_a/moeg/scorecards4extremes/obs_clim_local
[ECMWF-INFO -sbatch] - --- SLURM VARIABLES ---
[ECMWF-INFO -sbatch] - EC_CLUSTER=ac
[ECMWF-INFO -sbatch] - SLURM_EXPORT_ENV=ALL
[ECMWF-INFO -sbatch] - SBATCH_EXPORT=NONE
[ECMWF-INFO -sbatch] - -----------------------
[ECMWF-INFO -sbatch] - jobscript: /etc/ecmwf/nfs/dh1_home_a/moeg/scorecards4extremes/obs_clim_local/run.sh
[ECMWF-INFO -sbatch] - --- SCRIPT OPTIONS ---
[ECMWF-INFO -sbatch] - #SBATCH --mem=32G
[ECMWF-INFO -sbatch] - #SBATCH --time=48:00:00
[ECMWF-INFO -sbatch] - #SBATCH --job-name=obsclim
[ECMWF-INFO -sbatch] - -----------------------
[ECMWF-INFO -sbatch] - --- POST-PROCESSED OPTIONS ---
[ECMWF-INFO -sbatch] - ARG --positional=['run.sh']
[ECMWF-INFO -sbatch] - ARG --job_name=obsclim
[ECMWF-INFO -sbatch] - ARG --time=48:00:00
[ECMWF-INFO -sbatch] - ARG --mem=32G
[ECMWF-INFO -sbatch] - ------------------------------
[ECMWF-INFO -sbatch] - No qos requested, assuming qos=nf
[ECMWF-INFO -sbatch] - jobtag: moeg-obsclim-1x2-/etc/ecmwf/nfs/dh1_home_a/moeg/scorecards4extremes/obs_clim_local/slurm-_JOBID_.out
[ECMWF-INFO -sbatch] - ------------------------------
[ECMWF-INFO -sbatch] - Average Walltime 0 with a Standard Deviation 0
[ECMWF-INFO -sbatch] - Runtime history
[ECMWF-INFO -sbatch] -   Date               | Cores   Cluster   Walltime       Mem
[ECMWF-INFO -sbatch] - 
[ECMWF-INFO -sbatch] - ['/usr/bin/sbatch', '--job-name=obsclim', '--time=48:00:00', '--mem=32G', '--qos=nf', '--licenses=h2resw01', '--export=EC_user_time_limit=48:00:00', '/etc/ecmwf/nfs/dh1_home_a/moeg/scorecards4extremes/obs_clim_local/run.sh']
[ECMWF-INFO -sbatch] - sbatch executed on ac
[ECMWF-INFO -sbatch] - Job queued on ac using method local
[ECMWF-INFO -sbatch] - Submitted batch job 38230009
[ECMWF-INFO -ecprofile] /usr/bin/bash NON_INTERACTIVE on ac6-149 at 20260506_190740.500, PID: 3014267, JOBID: 38230009
[ECMWF-INFO -ecprofile] $SCRATCH=/ec/res4/scratch/moeg
[ECMWF-INFO -ecprofile] $PERM=/perm/moeg
[ECMWF-INFO -ecprofile] $HPCPERM=/ec/res4/hpcperm/moeg
[ECMWF-INFO -ecprofile] $TMPDIR=/etc/ecmwf/ssd/ssd1/tmpdirs/moeg.38230009
[ECMWF-INFO -ecprofile] $SCRATCHDIR=/ec/res4/scratchdir/moeg/1/38230009
/var/spool/slurmd/job38230009/slurm_script: line 9: 3014319 Segmentation fault      python3 /home/moeg/scorecards4extremes/obs_clim_local/obsclim.py 2t 0.65 2005 2024 01 /home/moeg/scorecards4extremes/obs_clim_local > out_2t_01 2>&1
/var/spool/slurmd/job38230009/slurm_script: line 10: 3378881 Segmentation fault      python3 /home/moeg/scorecards4extremes/obs_clim_local/obsclim.py 2t 0.65 2005 2024 02 /home/moeg/scorecards4extremes/obs_clim_local > out_2t_02 2>&1
/var/spool/slurmd/job38230009/slurm_script: line 11: 3660538 Segmentation fault      python3 /home/moeg/scorecards4extremes/obs_clim_local/obsclim.py 2t 0.65 2005 2024 03 /home/moeg/scorecards4extremes/obs_clim_local > out_2t_03 2>&1
/var/spool/slurmd/job38230009/slurm_script: line 12: 3876320 Segmentation fault      python3 /home/moeg/scorecards4extremes/obs_clim_local/obsclim.py 2t 0.65 2005 2024 04 /home/moeg/scorecards4extremes/obs_clim_local > out_2t_04 2>&1
/var/spool/slurmd/job38230009/slurm_script: line 13: 4110074 Segmentation fault      python3 /home/moeg/scorecards4extremes/obs_clim_local/obsclim.py 2t 0.65 2005 2024 05 /home/moeg/scorecards4extremes/obs_clim_local > out_2t_05 2>&1
/var/spool/slurmd/job38230009/slurm_script: line 14: 388135 Segmentation fault      python3 /home/moeg/scorecards4extremes/obs_clim_local/obsclim.py 2t 0.65 2005 2024 06 /home/moeg/scorecards4extremes/obs_clim_local > out_2t_06 2>&1
/var/spool/slurmd/job38230009/slurm_script: line 15: 667880 Segmentation fault      python3 /home/moeg/scorecards4extremes/obs_clim_local/obsclim.py 2t 0.65 2005 2024 07 /home/moeg/scorecards4extremes/obs_clim_local > out_2t_07 2>&1
/var/spool/slurmd/job38230009/slurm_script: line 16: 991534 Segmentation fault      python3 /home/moeg/scorecards4extremes/obs_clim_local/obsclim.py 2t 0.65 2005 2024 08 /home/moeg/scorecards4extremes/obs_clim_local > out_2t_08 2>&1
/var/spool/slurmd/job38230009/slurm_script: line 17: 1299989 Segmentation fault      python3 /home/moeg/scorecards4extremes/obs_clim_local/obsclim.py 2t 0.65 2005 2024 09 /home/moeg/scorecards4extremes/obs_clim_local > out_2t_09 2>&1
/var/spool/slurmd/job38230009/slurm_script: line 18: 1606557 Segmentation fault      python3 /home/moeg/scorecards4extremes/obs_clim_local/obsclim.py 2t 0.65 2005 2024 10 /home/moeg/scorecards4extremes/obs_clim_local > out_2t_10 2>&1
/var/spool/slurmd/job38230009/slurm_script: line 19: 1884384 Segmentation fault      python3 /home/moeg/scorecards4extremes/obs_clim_local/obsclim.py 2t 0.65 2005 2024 11 /home/moeg/scorecards4extremes/obs_clim_local > out_2t_11 2>&1
/var/spool/slurmd/job38230009/slurm_script: line 20: 2295845 Segmentation fault      python3 /home/moeg/scorecards4extremes/obs_clim_local/obsclim.py 2t 0.65 2005 2024 12 /home/moeg/scorecards4extremes/obs_clim_local > out_2t_12 2>&1
/var/spool/slurmd/job38230009/slurm_script: line 25: 2586015 Segmentation fault      python3 /home/moeg/scorecards4extremes/obs_clim_local/obsclim.py 10ff 0.65 2005 2024 01 /home/moeg/scorecards4extremes/obs_clim_local > out_10ff_01 2>&1
/var/spool/slurmd/job38230009/slurm_script: line 26: 2738739 Segmentation fault      python3 /home/moeg/scorecards4extremes/obs_clim_local/obsclim.py 10ff 0.65 2005 2024 02 /home/moeg/scorecards4extremes/obs_clim_local > out_10ff_02 2>&1
/var/spool/slurmd/job38230009/slurm_script: line 27: 2886099 Segmentation fault      python3 /home/moeg/scorecards4extremes/obs_clim_local/obsclim.py 10ff 0.65 2005 2024 03 /home/moeg/scorecards4extremes/obs_clim_local > out_10ff_03 2>&1
/var/spool/slurmd/job38230009/slurm_script: line 28: 3042186 Segmentation fault      python3 /home/moeg/scorecards4extremes/obs_clim_local/obsclim.py 10ff 0.65 2005 2024 04 /home/moeg/scorecards4extremes/obs_clim_local > out_10ff_04 2>&1
/var/spool/slurmd/job38230009/slurm_script: line 29: 3253085 Segmentation fault      python3 /home/moeg/scorecards4extremes/obs_clim_local/obsclim.py 10ff 0.65 2005 2024 05 /home/moeg/scorecards4extremes/obs_clim_local > out_10ff_05 2>&1
/var/spool/slurmd/job38230009/slurm_script: line 30: 3571432 Segmentation fault      python3 /home/moeg/scorecards4extremes/obs_clim_local/obsclim.py 10ff 0.65 2005 2024 06 /home/moeg/scorecards4extremes/obs_clim_local > out_10ff_06 2>&1
/var/spool/slurmd/job38230009/slurm_script: line 31: 3842772 Segmentation fault      python3 /home/moeg/scorecards4extremes/obs_clim_local/obsclim.py 10ff 0.65 2005 2024 07 /home/moeg/scorecards4extremes/obs_clim_local > out_10ff_07 2>&1
/var/spool/slurmd/job38230009/slurm_script: line 32: 4110013 Segmentation fault      python3 /home/moeg/scorecards4extremes/obs_clim_local/obsclim.py 10ff 0.65 2005 2024 08 /home/moeg/scorecards4extremes/obs_clim_local > out_10ff_08 2>&1
/var/spool/slurmd/job38230009/slurm_script: line 33: 151430 Segmentation fault      python3 /home/moeg/scorecards4extremes/obs_clim_local/obsclim.py 10ff 0.65 2005 2024 09 /home/moeg/scorecards4extremes/obs_clim_local > out_10ff_09 2>&1
/var/spool/slurmd/job38230009/slurm_script: line 34: 305436 Segmentation fault      python3 /home/moeg/scorecards4extremes/obs_clim_local/obsclim.py 10ff 0.65 2005 2024 10 /home/moeg/scorecards4extremes/obs_clim_local > out_10ff_10 2>&1
/var/spool/slurmd/job38230009/slurm_script: line 35: 489784 Segmentation fault      python3 /home/moeg/scorecards4extremes/obs_clim_local/obsclim.py 10ff 0.65 2005 2024 11 /home/moeg/scorecards4extremes/obs_clim_local > out_10ff_11 2>&1
/var/spool/slurmd/job38230009/slurm_script: line 36: 671577 Segmentation fault      python3 /home/moeg/scorecards4extremes/obs_clim_local/obsclim.py 10ff 0.65 2005 2024 12 /home/moeg/scorecards4extremes/obs_clim_local > out_10ff_12 2>&1
/var/spool/slurmd/job38230009/slurm_script: line 41: 886774 Segmentation fault      python3 /home/moeg/scorecards4extremes/obs_clim_local/obsclim.py 2t 0.65 2005 2024 01 /home/moeg/scorecards4extremes/obs_clim_local > out_2t_01 2>&1
/var/spool/slurmd/job38230009/slurm_script: line 42: 1138229 Segmentation fault      python3 /home/moeg/scorecards4extremes/obs_clim_local/obsclim.py 2t 0.65 2005 2024 02 /home/moeg/scorecards4extremes/obs_clim_local > out_2t_02 2>&1
/var/spool/slurmd/job38230009/slurm_script: line 43: 1375830 Segmentation fault      python3 /home/moeg/scorecards4extremes/obs_clim_local/obsclim.py 2t 0.65 2005 2024 03 /home/moeg/scorecards4extremes/obs_clim_local > out_2t_03 2>&1
/var/spool/slurmd/job38230009/slurm_script: line 44: 1574149 Segmentation fault      python3 /home/moeg/scorecards4extremes/obs_clim_local/obsclim.py 2t 0.65 2005 2024 04 /home/moeg/scorecards4extremes/obs_clim_local > out_2t_04 2>&1
/var/spool/slurmd/job38230009/slurm_script: line 45: 1758646 Segmentation fault      python3 /home/moeg/scorecards4extremes/obs_clim_local/obsclim.py 2t 0.65 2005 2024 05 /home/moeg/scorecards4extremes/obs_clim_local > out_2t_05 2>&1
/var/spool/slurmd/job38230009/slurm_script: line 46: 1977744 Segmentation fault      python3 /home/moeg/scorecards4extremes/obs_clim_local/obsclim.py 2t 0.65 2005 2024 06 /home/moeg/scorecards4extremes/obs_clim_local > out_2t_06 2>&1
/var/spool/slurmd/job38230009/slurm_script: line 47: 2104331 Segmentation fault      python3 /home/moeg/scorecards4extremes/obs_clim_local/obsclim.py 2t 0.65 2005 2024 07 /home/moeg/scorecards4extremes/obs_clim_local > out_2t_07 2>&1
/var/spool/slurmd/job38230009/slurm_script: line 48: 2222474 Segmentation fault      python3 /home/moeg/scorecards4extremes/obs_clim_local/obsclim.py 2t 0.65 2005 2024 08 /home/moeg/scorecards4extremes/obs_clim_local > out_2t_08 2>&1
/var/spool/slurmd/job38230009/slurm_script: line 49: 2338290 Segmentation fault      python3 /home/moeg/scorecards4extremes/obs_clim_local/obsclim.py 2t 0.65 2005 2024 09 /home/moeg/scorecards4extremes/obs_clim_local > out_2t_09 2>&1
/var/spool/slurmd/job38230009/slurm_script: line 50: 2475899 Segmentation fault      python3 /home/moeg/scorecards4extremes/obs_clim_local/obsclim.py 2t 0.65 2005 2024 10 /home/moeg/scorecards4extremes/obs_clim_local > out_2t_10 2>&1
/var/spool/slurmd/job38230009/slurm_script: line 51: 2620261 Segmentation fault      python3 /home/moeg/scorecards4extremes/obs_clim_local/obsclim.py 2t 0.65 2005 2024 11 /home/moeg/scorecards4extremes/obs_clim_local > out_2t_11 2>&1
/var/spool/slurmd/job38230009/slurm_script: line 52: 2764873 Segmentation fault      python3 /home/moeg/scorecards4extremes/obs_clim_local/obsclim.py 2t 0.65 2005 2024 12 /home/moeg/scorecards4extremes/obs_clim_local > out_2t_12 2>&1
[ECMWF-INFO -ecepilog] ----------------------------------------------------------------------------------------------------
[ECMWF-INFO -ecepilog] This is the ECMWF job Epilogue
[ECMWF-INFO -ecepilog] +++ Please report issues using the Support portal +++
[ECMWF-INFO -ecepilog] +++ https://support.ecmwf.int                     +++
[ECMWF-INFO -ecepilog] ----------------------------------------------------------------------------------------------------
[ECMWF-INFO -ecepilog] Run at 2026-05-06T23:05:05 on ac
[ECMWF-INFO -ecepilog] JobName                   : obsclim
[ECMWF-INFO -ecepilog] JobID                     : 38230009
[ECMWF-INFO -ecepilog] Submit                    : 2026-05-06T19:07:07
[ECMWF-INFO -ecepilog] Start                     : 2026-05-06T19:07:34
[ECMWF-INFO -ecepilog] End                       : 2026-05-06T23:05:05
[ECMWF-INFO -ecepilog] QueuedTime                : 27.0
[ECMWF-INFO -ecepilog] ElapsedRaw                : 14251
[ECMWF-INFO -ecepilog] ExitCode                  : 11:0
[ECMWF-INFO -ecepilog] DerivedExitCode           : 0:0
[ECMWF-INFO -ecepilog] State                     : FAILED
[ECMWF-INFO -ecepilog] Account                   : ecodmdmo
[ECMWF-INFO -ecepilog] QOS                       : nf
[ECMWF-INFO -ecepilog] User                      : moeg
[ECMWF-INFO -ecepilog] StdOut                    : /etc/ecmwf/nfs/dh1_home_a/moeg/scorecards4extremes/obs_clim_local/slurm-38230009.out
[ECMWF-INFO -ecepilog] StdErr                    : /etc/ecmwf/nfs/dh1_home_a/moeg/scorecards4extremes/obs_clim_local/slurm-38230009.out
[ECMWF-INFO -ecepilog] NNodes                    : 1
[ECMWF-INFO -ecepilog] NCPUS                     : 2
[ECMWF-INFO -ecepilog] SBU                       : 67.548
[ECMWF-INFO -ecepilog] jobtag                    : moeg-obsclim-1x2-/etc/ecmwf/nfs/dh1_home_a/moeg/scorecards4extremes/obs_clim_local/slurm-_JOBID_.out
[ECMWF-INFO -ecepilog] ----------------------------------------------------------------------------------------------------

