[ECMWF-INFO -sbatch] - -------------------------------------------------------------------------------------
[ECMWF-INFO -sbatch] -  This is the ECMWF jobfilter
[ECMWF-INFO -sbatch] -  +++ Please report issues using the Support portal +++
[ECMWF-INFO -sbatch] -  +++ https://support.ecmwf.int                     +++
[ECMWF-INFO -sbatch] -  /usr/local/bin/ecsbatch: size: 53801, mtime: Tue Nov 25 12:31:30 2025
[ECMWF-INFO -sbatch] - -------------------------------------------------------------------------------------
[ECMWF-INFO -sbatch] - Time at submit: Wed May  6 17:22:27 2026 (1778088147.080901) on ac6-101.bullx:/etc/ecmwf/nfs/dh1_home_a/moeg/scorecards4extremes/obs_clim_local
[ECMWF-INFO -sbatch] - --- SLURM VARIABLES ---
[ECMWF-INFO -sbatch] - EC_CLUSTER=ac
[ECMWF-INFO -sbatch] - SLURM_EXPORT_ENV=ALL
[ECMWF-INFO -sbatch] - SBATCH_EXPORT=NONE
[ECMWF-INFO -sbatch] - -----------------------
[ECMWF-INFO -sbatch] - jobscript: /etc/ecmwf/nfs/dh1_home_a/moeg/scorecards4extremes/obs_clim_local/run.sh
[ECMWF-INFO -sbatch] - --- SCRIPT OPTIONS ---
[ECMWF-INFO -sbatch] - #SBATCH --mem=32G
[ECMWF-INFO -sbatch] - #SBATCH --time=48:00:00
[ECMWF-INFO -sbatch] - #SBATCH --job-name=obsclim
[ECMWF-INFO -sbatch] - -----------------------
[ECMWF-INFO -sbatch] - --- POST-PROCESSED OPTIONS ---
[ECMWF-INFO -sbatch] - ARG --positional=['run.sh']
[ECMWF-INFO -sbatch] - ARG --job_name=obsclim
[ECMWF-INFO -sbatch] - ARG --time=48:00:00
[ECMWF-INFO -sbatch] - ARG --mem=32G
[ECMWF-INFO -sbatch] - ------------------------------
[ECMWF-INFO -sbatch] - No qos requested, assuming qos=nf
[ECMWF-INFO -sbatch] - jobtag: moeg-obsclim-1x2-/etc/ecmwf/nfs/dh1_home_a/moeg/scorecards4extremes/obs_clim_local/slurm-_JOBID_.out
[ECMWF-INFO -sbatch] - ------------------------------
[ECMWF-INFO -sbatch] - Average Walltime 0 with a Standard Deviation 0
[ECMWF-INFO -sbatch] - Runtime history
[ECMWF-INFO -sbatch] -   Date               | Cores   Cluster   Walltime       Mem
[ECMWF-INFO -sbatch] - 
[ECMWF-INFO -sbatch] - ['/usr/bin/sbatch', '--job-name=obsclim', '--time=48:00:00', '--mem=32G', '--qos=nf', '--licenses=h2resw01', '--export=EC_user_time_limit=48:00:00', '/etc/ecmwf/nfs/dh1_home_a/moeg/scorecards4extremes/obs_clim_local/run.sh']
[ECMWF-INFO -sbatch] - sbatch executed on ac
[ECMWF-INFO -sbatch] - Job queued on ac using method local
[ECMWF-INFO -sbatch] - Submitted batch job 38196313
[ECMWF-INFO -ecprofile] /usr/bin/bash NON_INTERACTIVE on ac6-153 at 20260506_172254.731, PID: 3211399, JOBID: 38196313
[ECMWF-INFO -ecprofile] $SCRATCH=/ec/res4/scratch/moeg
[ECMWF-INFO -ecprofile] $PERM=/perm/moeg
[ECMWF-INFO -ecprofile] $HPCPERM=/ec/res4/hpcperm/moeg
[ECMWF-INFO -ecprofile] $TMPDIR=/etc/ecmwf/ssd/ssd1/tmpdirs/moeg.38196313
[ECMWF-INFO -ecprofile] $SCRATCHDIR=/ec/res4/scratchdir/moeg/1/38196313
/var/spool/slurmd/job38196313/slurm_script: line 6: 3211520 Segmentation fault      python3 /home/moeg/scorecards4extremes/obs_clim_local/obsclim.py tp 0.65 2005 2024 01 /home/moeg/scorecards4extremes/obs_clim_local > out_tp_01 2>&1
/var/spool/slurmd/job38196313/slurm_script: line 7: 3291851 Segmentation fault      python3 /home/moeg/scorecards4extremes/obs_clim_local/obsclim.py tp 0.65 2005 2024 02 /home/moeg/scorecards4extremes/obs_clim_local > out_tp_02 2>&1
/var/spool/slurmd/job38196313/slurm_script: line 8: 3367540 Segmentation fault      python3 /home/moeg/scorecards4extremes/obs_clim_local/obsclim.py tp 0.65 2005 2024 03 /home/moeg/scorecards4extremes/obs_clim_local > out_tp_03 2>&1
/var/spool/slurmd/job38196313/slurm_script: line 9: 3432466 Segmentation fault      python3 /home/moeg/scorecards4extremes/obs_clim_local/obsclim.py tp 0.65 2005 2024 04 /home/moeg/scorecards4extremes/obs_clim_local > out_tp_04 2>&1
/var/spool/slurmd/job38196313/slurm_script: line 10: 3528447 Segmentation fault      python3 /home/moeg/scorecards4extremes/obs_clim_local/obsclim.py tp 0.65 2005 2024 05 /home/moeg/scorecards4extremes/obs_clim_local > out_tp_05 2>&1
/var/spool/slurmd/job38196313/slurm_script: line 11: 3584831 Segmentation fault      python3 /home/moeg/scorecards4extremes/obs_clim_local/obsclim.py tp 0.65 2005 2024 06 /home/moeg/scorecards4extremes/obs_clim_local > out_tp_06 2>&1
slurmstepd: error: *** JOB 38196313 ON ac6-153 CANCELLED AT 2026-05-06T17:35:19 ***
[ECMWF-INFO -ecepilog] ----------------------------------------------------------------------------------------------------
[ECMWF-INFO -ecepilog] This is the ECMWF job Epilogue
[ECMWF-INFO -ecepilog] +++ Please report issues using the Support portal +++
[ECMWF-INFO -ecepilog] +++ https://support.ecmwf.int                     +++
[ECMWF-INFO -ecepilog] ----------------------------------------------------------------------------------------------------
[ECMWF-INFO -ecepilog] Run at 2026-05-06T17:35:19 on ac
[ECMWF-INFO -ecepilog] JobName                   : obsclim
[ECMWF-INFO -ecepilog] JobID                     : 38196313
[ECMWF-INFO -ecepilog] Submit                    : 2026-05-06T17:22:27
[ECMWF-INFO -ecepilog] Start                     : 2026-05-06T17:22:49
[ECMWF-INFO -ecepilog] End                       : 2026-05-06T17:35:19
[ECMWF-INFO -ecepilog] QueuedTime                : 22.0
[ECMWF-INFO -ecepilog] ElapsedRaw                : 750
[ECMWF-INFO -ecepilog] ExitCode                  : 0:0
[ECMWF-INFO -ecepilog] DerivedExitCode           : 0:0
[ECMWF-INFO -ecepilog] State                     : CANCELLED by 3324
[ECMWF-INFO -ecepilog] Account                   : ecodmdmo
[ECMWF-INFO -ecepilog] QOS                       : nf
[ECMWF-INFO -ecepilog] User                      : moeg
[ECMWF-INFO -ecepilog] StdOut                    : /etc/ecmwf/nfs/dh1_home_a/moeg/scorecards4extremes/obs_clim_local/slurm-38196313.out
[ECMWF-INFO -ecepilog] StdErr                    : /etc/ecmwf/nfs/dh1_home_a/moeg/scorecards4extremes/obs_clim_local/slurm-38196313.out
[ECMWF-INFO -ecepilog] NNodes                    : 1
[ECMWF-INFO -ecepilog] NCPUS                     : 2
[ECMWF-INFO -ecepilog] SBU                       : 3.555
[ECMWF-INFO -ecepilog] jobtag                    : moeg-obsclim-1x2-/etc/ecmwf/nfs/dh1_home_a/moeg/scorecards4extremes/obs_clim_local/slurm-_JOBID_.out
[ECMWF-INFO -ecepilog] ----------------------------------------------------------------------------------------------------

